[www.laraveltip.com/que-son-los-routes-en-laravel/index.html]
[www.laraveltip.com/obtener-relaciones-de-modelos-automaticamente-en-laravel/index.html]
[laravel.com/docs/5.8/index.html]
[backblue.gif]
[fade.gif]
[index.html]
[www.laraveltip.com/que-son-los-routes-en-laravel/GET]
[www.laraveltip.com/que-son-los-routes-en-laravel/index.html]
[www.laraveltip.com/que-son-los-routes-en-laravel/feed/index.html]
[laravel.com/docs/5.8/eloquent-relationships.html]
[www.laraveltip.com/obtener-relaciones-de-modelos-automaticamente-en-laravel/GET]
[www.laraveltip.com/obtener-relaciones-de-modelos-automaticamente-en-laravel/index.html]
[www.laraveltip.com/obtener-relaciones-de-modelos-automaticamente-en-laravel/feed/index.html]
[laravel.com/docs/5.8/installation.html]
[laravel.com/docs/5.8/releases.html]
[laravel.com/docs/5.8/upgrade.html]
[laravel.com/docs/5.8/contributions.html]
[laravel.com/docs/5.8/configuration.html]
[laravel.com/docs/5.8/structure.html]
[laravel.com/docs/5.8/homestead.html]
[laravel.com/docs/5.8/valet.html]
[laravel.com/docs/5.8/deployment.html]
[laravel.com/docs/5.8/lifecycle.html]
[laravel.com/docs/5.8/container.html]
[laravel.com/docs/5.8/providers.html]
[laravel.com/docs/5.8/facades.html]
[laravel.com/docs/5.8/contracts.html]
[laravel.com/docs/5.8/routing.html]
[laravel.com/docs/5.8/middleware.html]
[laravel.com/docs/5.8/csrf.html]
[laravel.com/docs/5.8/controllers.html]
[laravel.com/docs/5.8/requests.html]
[laravel.com/docs/5.8/responses.html]
[laravel.com/docs/5.8/views.html]
[laravel.com/docs/5.8/urls.html]
[laravel.com/docs/5.8/session.html]
[laravel.com/docs/5.8/validation.html]
[laravel.com/docs/5.8/errors.html]
[laravel.com/docs/5.8/logging.html]
[laravel.com/docs/5.8/blade.html]
[laravel.com/docs/5.8/localization.html]
[laravel.com/docs/5.8/frontend.html]
[laravel.com/docs/5.8/mix.html]
[laravel.com/docs/5.8/authentication.html]
[laravel.com/docs/5.8/api-authentication.html]
[laravel.com/docs/5.8/verification.html]
[laravel.com/docs/5.8/authorization.html]
[laravel.com/docs/5.8/encryption.html]
[laravel.com/docs/5.8/hashing.html]
[laravel.com/docs/5.8/passwords.html]
[laravel.com/docs/5.8/artisan.html]
[laravel.com/docs/5.8/broadcasting.html]
[laravel.com/docs/5.8/cache.html]
[laravel.com/docs/5.8/collections.html]
[laravel.com/docs/5.8/events.html]
[laravel.com/docs/5.8/filesystem.html]
[laravel.com/docs/5.8/helpers.html]
[laravel.com/docs/5.8/mail.html]
[laravel.com/docs/5.8/notifications.html]
[laravel.com/docs/5.8/packages.html]
[laravel.com/docs/5.8/queues.html]
[laravel.com/docs/5.8/scheduling.html]
[laravel.com/docs/5.8/database.html]
[laravel.com/docs/5.8/queries.html]
[laravel.com/docs/5.8/pagination.html]
[laravel.com/docs/5.8/migrations.html]
[laravel.com/docs/5.8/seeding.html]
[laravel.com/docs/5.8/redis.html]
[laravel.com/docs/5.8/eloquent-collections.html]
[laravel.com/docs/5.8/eloquent.html]
[laravel.com/docs/5.8/eloquent-mutators.html]
[laravel.com/docs/5.8/eloquent-resources.html]
[laravel.com/docs/5.8/eloquent-serialization.html]
[laravel.com/docs/5.8/testing.html]
[laravel.com/docs/5.8/http-tests.html]
[laravel.com/docs/5.8/console-tests.html]
[laravel.com/docs/5.8/dusk.html]
[laravel.com/docs/5.8/database-testing.html]
[laravel.com/docs/5.8/mocking.html]
[laravel.com/docs/5.8/billing.html]
[laravel.com/docs/5.8/envoy.html]
[laravel.com/docs/5.8/horizon.html]
[laravel.com/docs/5.8/passport.html]
[laravel.com/docs/5.8/socialite.html]
[laravel.com/docs/5.8/scout.html]
[laravel.com/docs/5.8/index.html]
[www.laraveltip.com/que-son-los-routes-en-laravel/OneSignalSDKUpdaterWorker.js.html]
[www.laraveltip.com/que-son-los-routes-en-laravel/OneSignalSDKWorker.js.html]
[www.laraveltip.com/que-son-los-routes-en-laravel/GET.html]
[www.laraveltip.com/obtener-relaciones-de-modelos-automaticamente-en-laravel/OneSignalSDKUpdaterWorker.js.html]
[www.laraveltip.com/obtener-relaciones-de-modelos-automaticamente-en-laravel/OneSignalSDKWorker.js.html]
[laravel.com/docs/5.8/eloquent-relationships.html]
[www.laraveltip.com/obtener-relaciones-de-modelos-automaticamente-en-laravel/GET.html]
[laravel.com/docs/5.8/installation.html]
[laravel.com/docs/5.8/releases.html]
[laravel.com/docs/5.8/upgrade.html]
[laravel.com/docs/5.8/contributions.html]
[laravel.com/docs/5.8/configuration.html]
[laravel.com/docs/5.8/structure.html]
[laravel.com/docs/5.8/homestead.html]
[laravel.com/docs/5.8/valet.html]
[laravel.com/docs/5.8/deployment.html]
[laravel.com/docs/5.8/lifecycle.html]
[laravel.com/docs/5.8/container.html]
[laravel.com/docs/5.8/providers.html]
[laravel.com/docs/5.8/facades.html]
[laravel.com/docs/5.8/contracts.html]
[laravel.com/docs/5.8/routing.html]
[laravel.com/docs/5.8/middleware.html]
[laravel.com/docs/5.8/csrf.html]
[laravel.com/docs/5.8/controllers.html]
[laravel.com/docs/5.8/requests.html]
[laravel.com/docs/5.8/responses.html]
[laravel.com/docs/5.8/views.html]
[laravel.com/docs/5.8/urls.html]
[laravel.com/docs/5.8/session.html]
[laravel.com/docs/5.8/validation.html]
[laravel.com/docs/5.8/errors.html]
[laravel.com/docs/5.8/logging.html]
[laravel.com/docs/5.8/blade.html]
[laravel.com/docs/5.8/localization.html]
[laravel.com/docs/5.8/frontend.html]
[laravel.com/docs/5.8/mix.html]
[laravel.com/docs/5.8/authentication.html]
[laravel.com/docs/5.8/api-authentication.html]
[laravel.com/docs/5.8/authorization.html]
[laravel.com/docs/5.8/verification.html]
[laravel.com/docs/5.8/encryption.html]
[laravel.com/docs/5.8/hashing.html]
[laravel.com/docs/5.8/passwords.html]
[laravel.com/docs/5.8/artisan.html]
[laravel.com/docs/5.8/broadcasting.html]
[laravel.com/docs/5.8/cache.html]
[laravel.com/docs/5.8/collections.html]
[laravel.com/docs/5.8/events.html]
[laravel.com/docs/5.8/filesystem.html]
[laravel.com/docs/5.8/helpers.html]
[laravel.com/docs/5.8/mail.html]
[laravel.com/docs/5.8/notifications.html]
[laravel.com/docs/5.8/packages.html]
[laravel.com/docs/5.8/queues.html]
[laravel.com/docs/5.8/scheduling.html]
[laravel.com/docs/5.8/database.html]
[laravel.com/docs/5.8/queries.html]
[laravel.com/docs/5.8/pagination.html]
[laravel.com/docs/5.8/migrations.html]
[laravel.com/docs/5.8/seeding.html]
[laravel.com/docs/5.8/redis.html]
[laravel.com/docs/5.8/eloquent.html]
[laravel.com/docs/5.8/eloquent-collections.html]
[laravel.com/docs/5.8/eloquent-mutators.html]
[laravel.com/docs/5.8/eloquent-resources.html]
[laravel.com/docs/5.8/eloquent-serialization.html]
[laravel.com/docs/5.8/testing.html]
[laravel.com/docs/5.8/http-tests.html]
[laravel.com/docs/5.8/console-tests.html]
[laravel.com/docs/5.8/dusk.html]
[laravel.com/docs/5.8/database-testing.html]
[laravel.com/docs/5.8/mocking.html]
[laravel.com/docs/5.8/telescope.html]
[laravel.com/docs/5.8/billing.html]
[laravel.com/docs/5.8/envoy.html]
[laravel.com/docs/5.8/horizon.html]
[laravel.com/docs/5.8/passport.html]
[laravel.com/docs/5.8/scout.html]
[laravel.com/docs/5.8/socialite.html]
[laravel.com/docs/5.8/telescope.html]
[laravel.com/docs/5.8/braintree.html]
[laravel.com/docs/5.8/braintree.html]
